[15/09/2026 14:35:36] ========================================================
[15/09/2026 14:35:36] >>> BAT DAU THEO DOI THU MUC: D:\data
[15/09/2026 14:35:36] >>> He thong san sang! Dang cho thay doi file Excel...
[15/09/2026 14:36:04] Phat hien file thay doi: orders.xlsx
[15/09/2026 14:36:04] Dang kiem tra git status...
[15/09/2026 14:36:04] Dang tu dong Push len GitHub...
[15/09/2026 14:36:07] [OK] DA DONG BO THANH CONG LEN GITHUB (main)!
[15/09/2026 14:36:07] --------------------------------------------------------
[15/09/2026 14:40:11] ========================================================
[15/09/2026 14:40:11] >>> BAT DAU THEO DOI THU MUC: D:\data
[15/09/2026 14:40:11] >>> He thong san sang! Dang cho thay doi file Excel...
[15/09/2026 14:40:22] Phat hien file thay doi: DATA-Mess-WS-tệp-trung-1917455875136727.xlsx
[15/09/2026 14:40:22] Dang kiem tra git status...
[15/09/2026 14:40:22] Dang tu dong Push len GitHub...
[15/09/2026 14:40:27] [OK] DA DONG BO THANH CONG LEN GITHUB (main)!
[15/09/2026 14:40:27] --------------------------------------------------------
[15/09/2026 14:44:05] Phat hien file thay doi: orders.xlsx
[15/09/2026 14:44:05] Dang kiem tra git status...
[15/09/2026 14:44:06] Dang tu dong Push len GitHub...
[15/09/2026 14:44:10] [OK] DA DONG BO THANH CONG LEN GITHUB (main)!
[15/09/2026 14:44:10] --------------------------------------------------------
[15/09/2026 14:45:01] Phat hien file thay doi: DATA-Mess-WS-tệp-trung-1917455875136727.xlsx
[15/09/2026 14:45:01] Dang kiem tra git status...
[15/09/2026 14:45:01] Dang tu dong Push len GitHub...
[15/09/2026 14:45:04] [OK] DA DONG BO THANH CONG LEN GITHUB (main)!
[15/09/2026 14:45:04] --------------------------------------------------------
[15/09/2026 14:45:32] Phat hien file thay doi: DATA-SHOPIFY-907645362729233.xlsx
[15/09/2026 14:45:32] Dang kiem tra git status...
[15/09/2026 14:45:32] Dang tu dong Push len GitHub...
[15/09/2026 14:58:07] ========================================================
[15/09/2026 14:58:07] >>> BAT DAU THEO DOI THU MUC: D:\Antigravity Tai\data git
[15/09/2026 14:58:07] >>> He thong san sang! Dang cho thay doi file Excel...
[15/09/2026 15:01:13] Phat hien file thay doi: orders.xlsx
[15/09/2026 15:01:13] Dang kiem tra git status...
[15/09/2026 15:01:13] Dang tu dong Push len GitHub...
[15/09/2026 15:01:16] [X] Loi khi Push: To https://github.com/NHNT1001/data.git  ! [rejected]        main -> main (fetch first) error: failed to push some refs to 'https://github.com/NHNT1001/data.git' hint: Updates were rejected because the remote contains work that you do not hint: have locally. This is usually caused by another repository pushing to hint: the same ref. If you want to integrate the remote changes, use hint: 'git pull' before pushing again. hint: See the 'Note about fast-forwards' in 'git push --help' for details.
[15/09/2026 15:01:16] --------------------------------------------------------
[15/09/2026 15:01:37] Phat hien file thay doi: DATA-SHOPIFY-907645362729233.xlsx
[15/09/2026 15:01:37] Dang kiem tra git status...
[15/09/2026 15:01:37] Dang tu dong Push len GitHub...
[15/09/2026 15:01:39] [X] Loi khi Push: To https://github.com/NHNT1001/data.git  ! [rejected]        main -> main (fetch first) error: failed to push some refs to 'https://github.com/NHNT1001/data.git' hint: Updates were rejected because the remote contains work that you do not hint: have locally. This is usually caused by another repository pushing to hint: the same ref. If you want to integrate the remote changes, use hint: 'git pull' before pushing again. hint: See the 'Note about fast-forwards' in 'git push --help' for details.
[15/09/2026 15:01:39] --------------------------------------------------------
[15/09/2026 15:12:19] ========================================================
[15/09/2026 15:12:19] >>> BAT DAU THEO DOI THU MUC: D:\Antigravity Tai\Github\data
[15/09/2026 15:12:19] >>> He thong san sang! Dang cho thay doi file Excel...
[15/09/2026 15:12:46] Phat hien file thay doi: DATA-SHOPIFY-907645362729233.xlsx
[15/09/2026 15:12:46] Dang kiem tra git status...
[15/09/2026 15:12:46] Dang tu dong Push len GitHub...
[15/09/2026 15:12:49] [OK] DA DONG BO THANH CONG LEN GITHUB (main)!
[15/09/2026 15:12:49] --------------------------------------------------------
[15/09/2026 15:16:09] ========================================================
[15/09/2026 15:16:09] >>> BAT DAU THEO DOI THU MUC: D:\Antigravity Tai\Github\data
[15/09/2026 15:16:09] >>> He thong san sang! Dang cho thay doi file Excel...
[15/09/2026 15:16:45] ========================================================
[15/09/2026 15:16:45] >>> BAT DAU THEO DOI THU MUC: D:\Antigravity Tai\Github\data
[15/09/2026 15:16:45] >>> He thong san sang! Dang cho thay doi file Excel...
[15/09/2026 15:17:15] Phat hien file thay doi: DATA-SHOPIFY-907645362729233.xlsx
[15/09/2026 15:17:15] Dang kiem tra git status...
[15/09/2026 15:17:15] Dang tu dong Push len GitHub...
[15/09/2026 15:17:15] Phat hien file thay doi: DATA-SHOPIFY-907645362729233.xlsx
[15/09/2026 15:17:15] Dang kiem tra git status...
[15/09/2026 15:17:15] Dang tu dong Push len GitHub...
[15/09/2026 15:17:18] [OK] DA DONG BO THANH CONG LEN GITHUB (main)!
[15/09/2026 15:17:18] --------------------------------------------------------
[15/09/2026 15:17:19] [X] Loi khi Push: To https://github.com/NHNT1001/data.git  ! [remote rejected] main -> main (cannot lock ref 'refs/heads/main': is at 93fcf7ff76f33353c97271a51b57231197232271 but expected 776c50cf67eb2782212861eee43e05f86ebdeead) error: failed to push some refs to 'https://github.com/NHNT1001/data.git'
[15/09/2026 15:17:19] --------------------------------------------------------
[15/09/2026 15:17:43] Phat hien file thay doi: DATA-Mess-WS-tệp-trung-1917455875136727.xlsx
[15/09/2026 15:17:43] Dang kiem tra git status...
[15/09/2026 15:17:43] Dang tu dong Push len GitHub...
[15/09/2026 15:17:47] [OK] DA DONG BO THANH CONG LEN GITHUB (main)!
[15/09/2026 15:17:47] --------------------------------------------------------
[15/09/2026 15:17:49] Phat hien file thay doi: DATA-Mess-WS-tệp-trung-1917455875136727.xlsx
[15/09/2026 15:17:49] Dang kiem tra git status...
[15/09/2026 15:17:49] Dang tu dong Push len GitHub...
[15/09/2026 15:17:52] [OK] DA DONG BO THANH CONG LEN GITHUB (main)!
[15/09/2026 15:17:52] --------------------------------------------------------
[15/09/2026 15:18:40] ========================================================
[15/09/2026 15:18:40] >>> BAT DAU THEO DOI THU MUC: D:\Antigravity Tai\Github\data
[15/09/2026 15:18:40] >>> He thong san sang! Dang cho thay doi file Excel...
[15/09/2026 15:19:00] Phat hien file thay doi: DATA-SHOPIFY-907645362729233.xlsx
[15/09/2026 15:19:00] Dang kiem tra git status...
[15/09/2026 15:19:00] Dang tu dong Push len GitHub...
[15/09/2026 15:19:04] [OK] DA DONG BO THANH CONG LEN GITHUB (main)!
[15/09/2026 15:19:04] --------------------------------------------------------
[15/09/2026 15:57:00] Phat hien file thay doi: DATA-CĐ-Tệp-Trung-805265852439209.xlsx
[15/09/2026 15:57:00] Dang kiem tra git status...
[15/09/2026 15:57:00] Dang tu dong Push len GitHub...
[15/09/2026 15:57:04] [OK] DA DONG BO THANH CONG LEN GITHUB (main)!
[15/09/2026 15:57:04] --------------------------------------------------------
[15/09/2026 16:28:54] Phat hien file thay doi: orders.xlsx
[15/09/2026 16:28:54] Dang kiem tra git status...
[15/09/2026 16:28:54] Dang tu dong Push len GitHub...
[15/09/2026 16:28:57] [OK] DA DONG BO THANH CONG LEN GITHUB (main)!
[15/09/2026 16:28:57] --------------------------------------------------------
[15/09/2026 16:29:39] Phat hien file thay doi: DATA-SHOPIFY-907645362729233.xlsx
[15/09/2026 16:29:39] Dang kiem tra git status...
[15/09/2026 16:29:39] Dang tu dong Push len GitHub...
[15/09/2026 16:29:40] [X] Loi khi Push: To https://github.com/NHNT1001/data.git  ! [rejected]        main -> main (fetch first) error: failed to push some refs to 'https://github.com/NHNT1001/data.git' hint: Updates were rejected because the remote contains work that you do not hint: have locally. This is usually caused by another repository pushing to hint: the same ref. If you want to integrate the remote changes, use hint: 'git pull' before pushing again. hint: See the 'Note about fast-forwards' in 'git push --help' for details.
[15/09/2026 16:29:40] --------------------------------------------------------
[15/09/2026 16:30:45] Phat hien file thay doi: DATA-SHOPIFY-907645362729233.xlsx
[15/09/2026 16:30:45] Dang kiem tra git status...
[15/09/2026 16:30:45] Dang tu dong Push len GitHub...
[15/09/2026 16:30:47] [X] Loi khi Push: To https://github.com/NHNT1001/data.git  ! [rejected]        main -> main (fetch first) error: failed to push some refs to 'https://github.com/NHNT1001/data.git' hint: Updates were rejected because the remote contains work that you do not hint: have locally. This is usually caused by another repository pushing to hint: the same ref. If you want to integrate the remote changes, use hint: 'git pull' before pushing again. hint: See the 'Note about fast-forwards' in 'git push --help' for details.
[15/09/2026 16:30:47] --------------------------------------------------------
[15/09/2026 16:33:16] Phat hien file thay doi: orders.xlsx
[15/09/2026 16:33:16] Dang kiem tra git status...
[15/09/2026 16:33:16] Dang tu dong Push len GitHub...
[15/09/2026 16:33:18] [X] Loi khi Push: To https://github.com/NHNT1001/data.git  ! [rejected]        main -> main (fetch first) error: failed to push some refs to 'https://github.com/NHNT1001/data.git' hint: Updates were rejected because the remote contains work that you do not hint: have locally. This is usually caused by another repository pushing to hint: the same ref. If you want to integrate the remote changes, use hint: 'git pull' before pushing again. hint: See the 'Note about fast-forwards' in 'git push --help' for details.
[15/09/2026 16:33:18] --------------------------------------------------------
[15/09/2026 16:34:46] ========================================================
[15/09/2026 16:34:46] >>> BAT DAU THEO DOI THU MUC: D:\Antigravity Tai\Github\data
[15/09/2026 16:34:46] >>> He thong san sang! Dang cho thay doi file Excel...
[15/09/2026 16:35:10] Phat hien file thay doi: orders.xlsx
[15/09/2026 16:35:10] Dang tong hop so lieu vao database.json...
[15/09/2026 16:35:10] Phat hien file thay doi: orders.xlsx
[15/09/2026 16:35:10] Dang kiem tra git status...
[15/09/2026 16:35:10] Dang tu dong Push len GitHub...
[15/09/2026 16:35:11]   [>] Bat dau dong bo du lieu tai: D:\Antigravity Tai\Github\data
[15/09/2026 16:35:11]   [+] Da load database cu: 49 ngay lich su.
[15/09/2026 16:35:11]     - Orders:   orders.xlsx
[15/09/2026 16:35:11]     - Ads CĐTQ: DATA-CĐ-Tệp-Trung-805265852439209.xlsx
[15/09/2026 16:35:11]     - Ads MESS: DATA-Mess-WS-tệp-trung-1917455875136727.xlsx
[15/09/2026 16:35:11]     - Ads SHOP: DATA-SHOPIFY-907645362729233.xlsx
[15/09/2026 16:35:11]   [i] Parse thanh cong: 558 don hang, 70 ngay trong dot nay.
[15/09/2026 16:35:11]   [i] Loai 26 don Google khoi Shopify.
[15/09/2026 16:35:11]   [OK] Da cap nhat thanh cong database.json! Tong cong 70 ngay lich su.
[15/09/2026 16:35:11] Dang kiem tra git status...
[15/09/2026 16:35:11] Dang tu dong Push len GitHub...
[15/09/2026 16:48:00] Phat hien file thay doi: orders.xlsx
[15/09/2026 16:48:00] Dang kiem tra git status...
[15/09/2026 16:48:00] Dang tu dong Push len GitHub...
[15/09/2026 16:48:03] [OK] DA DONG BO THANH CONG LEN GITHUB (main)!
[15/09/2026 16:48:03] --------------------------------------------------------
[15/09/2026 20:43:38] ========================================================
[15/09/2026 20:43:38] >>> BAT DAU THEO DOI THU MUC: D:\Antigravity Tai\Github\data
[15/09/2026 20:43:38] >>> He thong san sang! Dang cho thay doi file Excel...
[16/09/2026 08:23:51] ========================================================
[16/09/2026 08:23:51] >>> BAT DAU THEO DOI THU MUC: D:\Antigravity Tai\Github\data
[16/09/2026 08:23:52] >>> He thong san sang! Dang cho thay doi file Excel...
[16/09/2026 09:25:27] Phat hien file thay doi: orders.xlsx
[16/09/2026 09:25:27] Dang tong hop so lieu vao database.json...
[16/09/2026 09:25:28]   [>] Bat dau dong bo du lieu tai: D:\Antigravity Tai\Github\data
[16/09/2026 09:25:28]   [+] Da load database cu: 70 ngay lich su.
[16/09/2026 09:25:28]     - Orders:   orders.xlsx
[16/09/2026 09:25:28]     - Ads CĐTQ: DATA-CĐ-Tệp-Trung-805265852439209.xlsx
[16/09/2026 09:25:28]     - Ads MESS: DATA-Mess-WS-tệp-trung-1917455875136727.xlsx
[16/09/2026 09:25:28]     - Ads SHOP: DATA-SHOPIFY-907645362729233.xlsx
[16/09/2026 09:25:28]   [i] Parse thanh cong: 574 don hang, 71 ngay trong dot nay.
[16/09/2026 09:25:28]   [i] Loai 26 don Google khoi Shopify.
[16/09/2026 09:25:28]   [OK] Da cap nhat thanh cong database.json! Tong cong 71 ngay lich su.
[16/09/2026 09:25:28] Dang kiem tra git status...
[16/09/2026 09:25:29] Dang tu dong Push len GitHub...
[16/09/2026 09:25:35] [OK] DA DONG BO THANH CONG LEN GITHUB (main)!
[16/09/2026 09:25:35] --------------------------------------------------------
[16/09/2026 09:25:36] Phat hien file thay doi: DATA-Mess-WS-tệp-trung-1917455875136727.xlsx
[16/09/2026 09:25:36] Dang tong hop so lieu vao database.json...
[16/09/2026 09:25:36]   [>] Bat dau dong bo du lieu tai: D:\Antigravity Tai\Github\data
[16/09/2026 09:25:36]   [+] Da load database cu: 71 ngay lich su.
[16/09/2026 09:25:36]     - Orders:   orders.xlsx
[16/09/2026 09:25:36]     - Ads CĐTQ: DATA-CĐ-Tệp-Trung-805265852439209.xlsx
[16/09/2026 09:25:36]     - Ads MESS: DATA-Mess-WS-tệp-trung-1917455875136727.xlsx
[16/09/2026 09:25:36]     - Ads SHOP: DATA-SHOPIFY-907645362729233.xlsx
[16/09/2026 09:25:36]   [i] Parse thanh cong: 574 don hang, 50 ngay trong dot nay.
[16/09/2026 09:25:36]   [i] Loai 26 don Google khoi Shopify.
[16/09/2026 09:25:36]   [OK] Da cap nhat thanh cong database.json! Tong cong 71 ngay lich su.
[16/09/2026 09:25:36] Dang kiem tra git status...
[16/09/2026 09:25:36] Dang tu dong Push len GitHub...
[16/09/2026 09:25:41] [OK] DA DONG BO THANH CONG LEN GITHUB (main)!
[16/09/2026 09:25:41] --------------------------------------------------------
[16/09/2026 09:25:42] Phat hien file thay doi: DATA-SHOPIFY-907645362729233.xlsx
[16/09/2026 09:25:42] Dang tong hop so lieu vao database.json...
[16/09/2026 09:25:43]   [>] Bat dau dong bo du lieu tai: D:\Antigravity Tai\Github\data
[16/09/2026 09:25:43]   [+] Da load database cu: 71 ngay lich su.
[16/09/2026 09:25:43]     - Orders:   orders.xlsx
[16/09/2026 09:25:43]     - Ads CĐTQ: DATA-CĐ-Tệp-Trung-805265852439209.xlsx
[16/09/2026 09:25:43]     - Ads MESS: DATA-Mess-WS-tệp-trung-1917455875136727.xlsx
[16/09/2026 09:25:43]     - Ads SHOP: DATA-SHOPIFY-907645362729233.xlsx
[16/09/2026 09:25:43]   [i] Parse thanh cong: 574 don hang, 50 ngay trong dot nay.
[16/09/2026 09:25:43]   [i] Loai 26 don Google khoi Shopify.
[16/09/2026 09:25:43]   [OK] Da cap nhat thanh cong database.json! Tong cong 71 ngay lich su.
[16/09/2026 09:25:43] Dang kiem tra git status...
[16/09/2026 09:25:43] Dang tu dong Push len GitHub...
[16/09/2026 09:25:47] [OK] DA DONG BO THANH CONG LEN GITHUB (main)!
[16/09/2026 09:25:47] --------------------------------------------------------
[16/09/2026 13:29:14] Phat hien file thay doi: orders.xlsx
[16/09/2026 13:29:14] Dang tong hop so lieu vao database.json...
[16/09/2026 13:29:15]   [>] Bat dau dong bo du lieu tai: D:\Antigravity Tai\Github\data
[16/09/2026 13:29:15]   [+] Da load database cu: 71 ngay lich su.
[16/09/2026 13:29:15]     - Orders:   orders.xlsx
[16/09/2026 13:29:15]     - Ads CĐTQ: DATA-CĐ-Tệp-Trung-805265852439209.xlsx
[16/09/2026 13:29:15]     - Ads MESS: DATA-Mess-WS-tệp-trung-1917455875136727.xlsx
[16/09/2026 13:29:15]     - Ads SHOP: DATA-SHOPIFY-907645362729233.xlsx
[16/09/2026 13:29:15]   [i] Parse thanh cong: 587 don hang, 50 ngay trong dot nay.
[16/09/2026 13:29:15]   [i] Loai 26 don Google khoi Shopify.
[16/09/2026 13:29:15]   [OK] Da cap nhat thanh cong database.json! Tong cong 71 ngay lich su.
[16/09/2026 13:29:15] Dang kiem tra git status...
[16/09/2026 13:29:15] Dang tu dong Push len GitHub...
[16/09/2026 13:29:19] [OK] DA DONG BO THANH CONG LEN GITHUB (main)!
[16/09/2026 13:29:19] --------------------------------------------------------
[16/09/2026 20:12:11] ========================================================
[16/09/2026 20:12:11] >>> BAT DAU THEO DOI THU MUC: D:\Antigravity Tai\Github\data
[16/09/2026 20:12:12] >>> He thong san sang! Dang cho thay doi file Excel...
[17/09/2026 07:34:30] ========================================================
[17/09/2026 07:34:30] >>> BAT DAU THEO DOI THU MUC: D:\Antigravity Tai\Github\data
[17/09/2026 07:34:31] >>> He thong san sang! Dang cho thay doi file Excel...
[17/09/2026 08:35:13] Phat hien file thay doi: DATA-Mess-WS-tệp-trung-1917455875136727.xlsx
[17/09/2026 08:35:13] Dang tong hop so lieu vao database.json...
[17/09/2026 08:35:14]   [>] Bat dau dong bo du lieu tai: D:\Antigravity Tai\Github\data
[17/09/2026 08:35:14]   [+] Da load database cu: 71 ngay lich su.
[17/09/2026 08:35:14]     - Orders:   orders.xlsx
[17/09/2026 08:35:14]     - Ads CĐTQ: DATA-CĐ-Tệp-Trung-805265852439209.xlsx
[17/09/2026 08:35:14]     - Ads MESS: DATA-Mess-WS-tệp-trung-1917455875136727.xlsx
[17/09/2026 08:35:14]     - Ads SHOP: DATA-SHOPIFY-907645362729233.xlsx
[17/09/2026 08:35:14]   [i] Parse thanh cong: 587 don hang, 51 ngay trong dot nay.
[17/09/2026 08:35:14]   [i] Loai 26 don Google khoi Shopify.
[17/09/2026 08:35:14]   [OK] Da cap nhat thanh cong database.json! Tong cong 72 ngay lich su.
[17/09/2026 08:35:14] Dang kiem tra git status...
[17/09/2026 08:35:14] Dang tu dong Push len GitHub...
[17/09/2026 08:35:20] [X] Loi khi Push: To https://github.com/NHNT1001/data.git  ! [rejected]        main -> main (non-fast-forward) error: failed to push some refs to 'https://github.com/NHNT1001/data.git' hint: Updates were rejected because a pushed branch tip is behind its remote hint: counterpart. If you want to integrate the remote changes, use 'git pull' hint: before pushing again. hint: See the 'Note about fast-forwards' in 'git push --help' for details.
[17/09/2026 08:35:20] --------------------------------------------------------
[17/09/2026 08:35:48] Phat hien file thay doi: DATA-Mess-WS-tệp-trung-1917455875136727.xlsx
[17/09/2026 08:35:48] Dang tong hop so lieu vao database.json...
[17/09/2026 08:35:48]   [>] Bat dau dong bo du lieu tai: D:\Antigravity Tai\Github\data
[17/09/2026 08:35:48]   [!] Khong the doc database cu (Expecting property name enclosed in double quotes: line 2 column 1 (char 2)), se tao moi.
[17/09/2026 08:35:48]     - Orders:   orders.xlsx
[17/09/2026 08:35:48]     - Ads CĐTQ: DATA-CĐ-Tệp-Trung-805265852439209.xlsx
[17/09/2026 08:35:48]     - Ads MESS: DATA-Mess-WS-tệp-trung-1917455875136727.xlsx
[17/09/2026 08:35:48]     - Ads SHOP: DATA-SHOPIFY-907645362729233.xlsx
[17/09/2026 08:35:48]   [i] Parse thanh cong: 622 don hang, 51 ngay trong dot nay.
[17/09/2026 08:35:48]   [i] Loai 28 don Google khoi Shopify.
[17/09/2026 08:35:48]   [OK] Da cap nhat thanh cong database.json! Tong cong 51 ngay lich su.
[17/09/2026 08:35:48] Dang kiem tra git status...
[17/09/2026 08:35:48] Dang tu dong Push len GitHub...
[17/09/2026 08:35:51] [X] Loi khi Push: To https://github.com/NHNT1001/data.git  ! [rejected]        main -> main (non-fast-forward) error: failed to push some refs to 'https://github.com/NHNT1001/data.git' hint: Updates were rejected because a pushed branch tip is behind its remote hint: counterpart. If you want to integrate the remote changes, use 'git pull' hint: before pushing again. hint: See the 'Note about fast-forwards' in 'git push --help' for details.
[17/09/2026 08:35:51] --------------------------------------------------------
[17/09/2026 08:35:54] Phat hien file thay doi: orders.xlsx
[17/09/2026 08:35:54] Dang tong hop so lieu vao database.json...
[17/09/2026 08:35:55]   [>] Bat dau dong bo du lieu tai: D:\Antigravity Tai\Github\data
[17/09/2026 08:35:55]   [+] Da load database cu: 51 ngay lich su.
[17/09/2026 08:35:55]     - Orders:   orders.xlsx
[17/09/2026 08:35:55]     - Ads CĐTQ: DATA-CĐ-Tệp-Trung-805265852439209.xlsx
[17/09/2026 08:35:55]     - Ads MESS: DATA-Mess-WS-tệp-trung-1917455875136727.xlsx
[17/09/2026 08:35:55]     - Ads SHOP: DATA-SHOPIFY-907645362729233.xlsx
[17/09/2026 08:35:55]   [i] Parse thanh cong: 622 don hang, 51 ngay trong dot nay.
[17/09/2026 08:35:55]   [i] Loai 28 don Google khoi Shopify.
[17/09/2026 08:35:55]   [OK] Da cap nhat thanh cong database.json! Tong cong 51 ngay lich su.
[17/09/2026 08:35:55] Dang kiem tra git status...
[17/09/2026 08:35:55] Dang tu dong Push len GitHub...
[17/09/2026 08:35:58] [X] Loi khi Push: To https://github.com/NHNT1001/data.git  ! [rejected]        main -> main (non-fast-forward) error: failed to push some refs to 'https://github.com/NHNT1001/data.git' hint: Updates were rejected because a pushed branch tip is behind its remote hint: counterpart. If you want to integrate the remote changes, use 'git pull' hint: before pushing again. hint: See the 'Note about fast-forwards' in 'git push --help' for details.
[17/09/2026 08:35:58] --------------------------------------------------------
[17/09/2026 08:37:02] Phat hien file thay doi: orders.xlsx
[17/09/2026 08:37:02] Dang tong hop so lieu vao database.json...
[17/09/2026 08:37:03]   [>] Bat dau dong bo du lieu tai: D:\Antigravity Tai\Github\data
[17/09/2026 08:37:03]   [+] Da load database cu: 51 ngay lich su.
[17/09/2026 08:37:03]     - Orders:   orders.xlsx
[17/09/2026 08:37:03]     - Ads CĐTQ: DATA-CĐ-Tệp-Trung-805265852439209.xlsx
[17/09/2026 08:37:03]     - Ads MESS: DATA-Mess-WS-tệp-trung-1917455875136727.xlsx
[17/09/2026 08:37:03]     - Ads SHOP: DATA-SHOPIFY-907645362729233.xlsx
[17/09/2026 08:37:03]   [i] Parse thanh cong: 622 don hang, 51 ngay trong dot nay.
[17/09/2026 08:37:03]   [i] Loai 28 don Google khoi Shopify.
[17/09/2026 08:37:03]   [OK] Da cap nhat thanh cong database.json! Tong cong 51 ngay lich su.
[17/09/2026 08:37:03] Dang kiem tra git status...
[17/09/2026 08:37:03] Dang tu dong Push len GitHub...
[17/09/2026 08:37:05] [X] Loi khi Push: To https://github.com/NHNT1001/data.git  ! [rejected]        main -> main (non-fast-forward) error: failed to push some refs to 'https://github.com/NHNT1001/data.git' hint: Updates were rejected because a pushed branch tip is behind its remote hint: counterpart. If you want to integrate the remote changes, use 'git pull' hint: before pushing again. hint: See the 'Note about fast-forwards' in 'git push --help' for details.
[17/09/2026 08:37:05] --------------------------------------------------------
[17/09/2026 08:37:22] Phat hien file thay doi: DATA-SHOPIFY-907645362729233.xlsx
[17/09/2026 08:37:22] Dang tong hop so lieu vao database.json...
[17/09/2026 08:37:22]   [>] Bat dau dong bo du lieu tai: D:\Antigravity Tai\Github\data
[17/09/2026 08:37:22]   [+] Da load database cu: 51 ngay lich su.
[17/09/2026 08:37:22]     - Orders:   orders.xlsx
[17/09/2026 08:37:22]     - Ads CĐTQ: DATA-CĐ-Tệp-Trung-805265852439209.xlsx
[17/09/2026 08:37:22]     - Ads MESS: DATA-Mess-WS-tệp-trung-1917455875136727.xlsx
[17/09/2026 08:37:22]     - Ads SHOP: DATA-SHOPIFY-907645362729233.xlsx
[17/09/2026 08:37:22]   [i] Parse thanh cong: 622 don hang, 51 ngay trong dot nay.
[17/09/2026 08:37:22]   [i] Loai 28 don Google khoi Shopify.
[17/09/2026 08:37:22]   [OK] Da cap nhat thanh cong database.json! Tong cong 51 ngay lich su.
[17/09/2026 08:37:22] Dang kiem tra git status...
[17/09/2026 08:37:22] Dang tu dong Push len GitHub...
[17/09/2026 08:37:25] [X] Loi khi Push: To https://github.com/NHNT1001/data.git  ! [rejected]        main -> main (non-fast-forward) error: failed to push some refs to 'https://github.com/NHNT1001/data.git' hint: Updates were rejected because a pushed branch tip is behind its remote hint: counterpart. If you want to integrate the remote changes, use 'git pull' hint: before pushing again. hint: See the 'Note about fast-forwards' in 'git push --help' for details.
[17/09/2026 08:37:25] --------------------------------------------------------
